gthr-default.h:229:1:int __gthread_key_delete(__gthread_key_t)	16	static
ios_base.h:129:3:constexpr std::_Ios_Openmode std::operator|(std::_Ios_Openmode, std::_Ios_Openmode)	16	static
stf_gpio.h:17:9:stf::GPIO::GPIO(GPIO_TypeDef*, uint16_t)	24	static
stf_gpio.h:21:9:stf::GPIO::~GPIO()	16	static
stf_usart.h:46:14:void stf::USART::transmit(std::__cxx11::string&, stf::periph_mode)	32	static
stf_spi.h:122:21:void stf::SPI::set_txrx_timeout(uint32_t)	16	static
dji_m2006_motor.h:38:9:DjiRM::M2006_Motor::M2006_Motor(CAN_HandleTypeDef*)	16	static
dji_m2006_motor.h:41:9:DjiRM::M2006_Motor::~M2006_Motor()	16	static
mpu6500_ist8310.h:64:5:MPU6500::MPU6500(stf::SPI&, stf::GPIO&)	32	static
mpu6500_ist8310.h:71:5:MPU6500::~MPU6500()	16	static
mpu6500_ist8310.h:85:24:std::stringstream& MPU6500::data_stream()	56	static
app_main.cpp:38:6:void setup()	16	static
app_main.cpp:47:6:void loop0()	112	static
app_main.cpp:97:6:void loop1()	8	static
app_main.cpp:109:6:void exception(const char*)	56	static
stf_usart.h:109:13:stf::USART& operator<<(stf::USART&, const T&) [with T = char [58]]	256	static
stf_usart.h:109:13:stf::USART& operator<<(stf::USART&, const T&) [with T = std::__cxx11::basic_string<char>]	256	static
stf_usart.h:109:13:stf::USART& operator<<(stf::USART&, const T&) [with T = char [19]]	256	static
stf_usart.h:109:13:stf::USART& operator<<(stf::USART&, const T&) [with T = int]	256	static
stf_usart.h:109:13:stf::USART& operator<<(stf::USART&, const T&) [with T = char [6]]	256	static
app_main.cpp:111:1:void __static_initialization_and_destruction_0(int, int)	16	static
app_main.cpp:111:1:cpp)	8	static
app_main.cpp:111:1:cpp)	8	static
