gthr-default.h:229:1:int __gthread_key_delete(__gthread_key_t)	16	static
stf_usart.h:82:16:byte_t stf::USART::receive()	16	static
stf_usart.h:92:36:UART_HandleTypeDef* stf::USART::get_huartx()	16	static
stf_usart.h:97:21:void stf::USART::set_tx_status(stf::periph_status)	16	static
stf_usart.h:98:21:void stf::USART::set_rx_status(stf::periph_status)	16	static
stf_usart.cpp:27:1:stf::USART::USART(UART_HandleTypeDef*, uint32_t, uint32_t)	24	static
stf_usart.cpp:38:1:stf::USART::~USART()	16	static
stf_usart.cpp:44:6:void stf::USART::hal_transmit(byte_t*, uint16_t, stf::periph_mode)	32	static
stf_usart.cpp:97:6:void HAL_UART_TxCpltCallback(UART_HandleTypeDef*)	24	static
stf_usart.cpp:106:13:void usart_transmit_completed_interrupt_task(stf::USART*)	16	static
stf_usart.cpp:110:6:void stf::USART::hal_receive(byte_t*, uint16_t, stf::periph_mode)	32	static
stf_usart.cpp:165:6:void HAL_UART_RxCpltCallback(UART_HandleTypeDef*)	24	static
stf_usart.cpp:174:13:void usart_receive_completed_interrupt_task(stf::USART*)	16	static
stf_usart.cpp:180:19:const string stf::USART::readWord()	80	static
stf_usart.cpp:196:19:const string stf::USART::readLine()	80	static
stf_usart.cpp:210:1:void __static_initialization_and_destruction_0(int, int)	24	static
stf_usart.cpp:210:1:cpp)	8	static
stf_usart.cpp:210:1:cpp)	8	static
