gthr-default.h:229:1:int __gthread_key_delete(__gthread_key_t)	16	static
stf_i2c.h:150:16:byte_t stf::I2C::receive()	24	static
stf_i2c.h:219:35:I2C_HandleTypeDef* stf::I2C::get_hi2cx()	16	static
stf_i2c.h:224:21:void stf::I2C::set_tx_status(stf::periph_status)	16	static
stf_i2c.h:225:21:void stf::I2C::set_rx_status(stf::periph_status)	16	static
stf_i2c.cpp:23:1:stf::I2C::I2C(I2C_HandleTypeDef*, uint32_t, uint32_t)	24	static
stf_i2c.cpp:34:1:stf::I2C::~I2C()	16	static
stf_i2c.cpp:40:6:void stf::I2C::hal_transmit(byte_t*, uint16_t, i2c_mode, byte_t, stf::periph_mode)	40	static
stf_i2c.cpp:111:6:void HAL_I2C_MasterTxCpltCallback(I2C_HandleTypeDef*)	24	static
stf_i2c.cpp:119:6:void HAL_I2C_SlaveTxCpltCallback(I2C_HandleTypeDef*)	24	static
stf_i2c.cpp:128:13:void i2c_transmit_completed_interrupt_task(stf::I2C*)	16	static
stf_i2c.cpp:132:6:void stf::I2C::hal_receive(byte_t*, uint16_t, i2c_mode, byte_t, stf::periph_mode)	40	static
stf_i2c.cpp:209:6:void HAL_I2C_MasterRxCpltCallback(I2C_HandleTypeDef*)	24	static
stf_i2c.cpp:217:6:void HAL_I2C_SlaveRxCpltCallback(I2C_HandleTypeDef*)	24	static
stf_i2c.cpp:226:13:void i2c_receive_completed_interrupt_task(stf::I2C*)	16	static
stf_i2c.cpp:232:19:const string stf::I2C::readWord()	80	static
stf_i2c.cpp:248:19:const string stf::I2C::readLine()	80	static
stf_i2c.cpp:265:6:void stf::I2C::hal_write_reg(byte_t*, uint16_t, byte_t, uint16_t, stf::periph_mode)	56	static
stf_i2c.cpp:326:6:void stf::I2C::hal_read_reg(byte_t*, uint16_t, byte_t, uint16_t, stf::periph_mode)	56	static
stf_i2c.cpp:390:1:void __static_initialization_and_destruction_0(int, int)	16	static
stf_i2c.cpp:390:1:cpp)	8	static
stf_i2c.cpp:390:1:cpp)	8	static
