gthr-default.h:229:1:int __gthread_key_delete(__gthread_key_t)	16	static
stf_timer.h:181:14:void stf::Timer::set_input_capture_polarity(tim_channel, tim_capture_edge)	16	static
stf_timer.h:188:14:void stf::Timer::input_capture_begin(tim_channel, stf::periph_mode)	16	static
stf_timer.h:192:14:void stf::Timer::input_capture_end(tim_channel, stf::periph_mode)	16	static
stf_timer.h:226:14:void stf::Timer::reset_encoder()	24	static
stf_timer.h:241:35:TIM_HandleTypeDef* stf::Timer::get_htimx()	16	static
stf_timer.h:243:31:tim_resolution stf::Timer::get_timer_resolution()	16	static
stf_timer.h:247:21:void stf::Timer::interrupt_safe_set_CNT(uint32_t)	16	static
stf_timer.cpp:11:1:stf::Timer::Timer(TIM_HandleTypeDef*, uint32_t, tim_resolution)	24	static
stf_timer.cpp:19:1:stf::Timer::~Timer()	16	static
stf_timer.cpp:21:6:void stf::Timer::set_prescaler(uint32_t)	16	static
stf_timer.cpp:25:10:uint32_t stf::Timer::get_prescaler()	16	static
stf_timer.cpp:29:6:void stf::Timer::set_ARR(uint32_t)	16	static
stf_timer.cpp:45:10:uint32_t stf::Timer::get_ARR()	16	static
stf_timer.cpp:50:6:void stf::Timer::set_CCR(tim_channel, uint32_t)	24	static
stf_timer.cpp:58:10:uint32_t stf::Timer::get_CCR(tim_channel)	16	static
stf_timer.cpp:63:6:void stf::Timer::set_CNT(uint32_t)	16	static
stf_timer.cpp:67:10:uint32_t stf::Timer::get_CNT()	16	static
stf_timer.cpp:72:10:static uint32_t stf::Timer::channel_to_idx(tim_channel)	16	static
stf_timer.cpp:80:13:static tim_channel stf::Timer::idx_to_channel(uint32_t)	16	static
stf_timer.cpp:134:6:void stf::Timer::set_pwm_frequency(uint32_t, uint32_t)	32	static
stf_timer.cpp:147:6:void stf::Timer::set_timer_frequency(uint32_t)	24	static
stf_timer.cpp:159:6:void stf::Timer::init_input_capture(uint32_t)	16	static
stf_timer.cpp:187:6:void stf::Timer::init_pwm_input(uint32_t, uint32_t)	40	static
stf_timer.cpp:205:6:void stf::Timer::pwm_input_begin(tim_channel, stf::logic_level)	24	static
stf_timer.cpp:221:6:void stf::Timer::pwm_input_end(tim_channel)	16	static
stf_timer.cpp:226:13:void timer_pwm_input_interrupt_task(stf::Timer*, HAL_TIM_ActiveChannel)	24	static
stf_timer.cpp:278:6:void stf::Timer::init_encoder()	24	static
stf_timer.cpp:286:6:void stf::Timer::encoder_begin(stf::periph_mode)	16	static
stf_timer.cpp:295:13:void timer_encoder_overflow_interrupt_task(stf::Timer*)	40	static
stf_timer.cpp:334:6:void HAL_TIM_IC_CaptureCallback(TIM_HandleTypeDef*)	24	static
stf_timer.cpp:345:6:void call_this_inside_HAL_TIM_PeriodElaspedCallback(TIM_HandleTypeDef*)	24	static
stf_timer.cpp:351:1:void __static_initialization_and_destruction_0(int, int)	16	static
stf_timer.cpp:351:1:cpp)	8	static
stf_timer.cpp:351:1:cpp)	8	static
