gthr-default.h:229:1:int __gthread_key_delete(__gthread_key_t)	16	static
stf_spi.h:89:16:byte_t stf::SPI::receive()	16	static
stf_spi.h:119:35:SPI_HandleTypeDef* stf::SPI::get_hspix()	16	static
stf_spi.h:126:21:void stf::SPI::set_tx_status(stf::periph_status)	16	static
stf_spi.h:127:21:void stf::SPI::set_rx_status(stf::periph_status)	16	static
stf_spi.cpp:23:1:stf::SPI::SPI(SPI_HandleTypeDef*, uint32_t, uint32_t)	24	static
stf_spi.cpp:36:1:stf::SPI::~SPI()	16	static
stf_spi.cpp:43:6:void stf::SPI::hal_transmit(byte_t*, uint16_t, stf::periph_mode)	32	static
stf_spi.cpp:93:6:void stf::SPI::hal_receive(byte_t*, uint16_t, stf::periph_mode)	32	static
stf_spi.cpp:148:6:void stf::SPI::hal_tranceive(byte_t*, byte_t*, uint16_t, stf::periph_mode)	40	static
stf_spi.cpp:198:6:void HAL_SPI_TxCpltCallback(SPI_HandleTypeDef*)	24	static
stf_spi.cpp:207:13:void spi_transmit_completed_interrupt_task(stf::SPI*)	16	static
stf_spi.cpp:212:6:void HAL_SPI_RxCpltCallback(SPI_HandleTypeDef*)	24	static
stf_spi.cpp:221:13:void spi_receive_completed_interrupt_task(stf::SPI*)	16	static
stf_spi.cpp:227:19:const string stf::SPI::readWord()	80	static
stf_spi.cpp:243:19:const string stf::SPI::readLine()	80	static
stf_spi.cpp:257:1:void __static_initialization_and_destruction_0(int, int)	16	static
stf_spi.cpp:257:1:cpp)	8	static
stf_spi.cpp:257:1:cpp)	8	static
